==2343975== Memcheck, a memory error detector
==2343975== Copyright (C) 2002-2017, and GNU GPL'd, by Julian Seward et al.
==2343975== Using Valgrind-3.18.1 and LibVEX; rerun with -h for copyright info
==2343975== Command: ./AMateria
==2343975== Parent PID: 2324832
==2343975== 
==2343975== 
==2343975== FILE DESCRIPTORS: 7 open (3 std) at exit.
==2343975== Open file descriptor 103: /usr/share/code/v8_context_snapshot.bin
==2343975==    <inherited from parent>
==2343975== 
==2343975== Open AF_UNIX socket 41: <unknown>
==2343975==    <inherited from parent>
==2343975== 
==2343975== Open file descriptor 40: /home/hlichten/.config/Code/logs/20260105T154454/ptyhost.log
==2343975==    <inherited from parent>
==2343975== 
==2343975== Open file descriptor 3: /home/hlichten/Documents/CPP/CPP04/ex03/valgrind.log
==2343975==    <inherited from parent>
==2343975== 
==2343975== 
==2343975== HEAP SUMMARY:
==2343975==     in use at exit: 0 bytes in 0 blocks
==2343975==   total heap usage: 11 allocs, 11 frees, 74,120 bytes allocated
==2343975== 
==2343975== All heap blocks were freed -- no leaks are possible
==2343975== 
==2343975== For lists of detected and suppressed errors, rerun with: -s
==2343975== ERROR SUMMARY: 0 errors from 0 contexts (suppressed: 0 from 0)
