==367921== Memcheck, a memory error detector
==367921== Copyright (C) 2002-2017, and GNU GPL'd, by Julian Seward et al.
==367921== Using Valgrind-3.18.1 and LibVEX; rerun with -h for copyright info
==367921== Command: ./Polymorphism
==367921== Parent PID: 366027
==367921== 
==367921== 
==367921== FILE DESCRIPTORS: 6 open (3 std) at exit.
==367921== Open file descriptor 103: /usr/share/code/v8_context_snapshot.bin
==367921==    <inherited from parent>
==367921== 
==367921== Open file descriptor 41: /home/hlichten/.config/Code/logs/20251215T154711/ptyhost.log
==367921==    <inherited from parent>
==367921== 
==367921== Open file descriptor 3: /home/hlichten/Documents/CPP/CPP_04/ex01/valgrind.log
==367921==    <inherited from parent>
==367921== 
==367921== 
==367921== HEAP SUMMARY:
==367921==     in use at exit: 0 bytes in 0 blocks
==367921==   total heap usage: 14 allocs, 14 frees, 93,216 bytes allocated
==367921== 
==367921== All heap blocks were freed -- no leaks are possible
==367921== 
==367921== For lists of detected and suppressed errors, rerun with: -s
==367921== ERROR SUMMARY: 0 errors from 0 contexts (suppressed: 0 from 0)
